// Jest Snapshot v1, https://goo.gl/fbAQLP

exports[`App test title 1`] = `
<h1
  class="text-center p-3"
>
  Web Application Template
</h1>
`;
